// Jest Snapshot v1, https://goo.gl/fbAQLP

exports[`<SpellPage /> renders this UI as expected 1`] = `
<div
  className="SpellPage"
>
  <h2>
    An page for individual spell!
  </h2>
  <p />
  <div
    className="Spell__main"
    onClick={[Function]}
  >
    <h3 />
    <p>
      Level: undefined | undefined | undefined
    </p>
    <p>
      undefined | undefined | Components: undefined
    </p>
    <p>
      Description: undefined
    </p>
  </div>
</div>
`;
