// Jest Snapshot v1, https://goo.gl/fbAQLP

exports[`<Spell /> renders this UI as expected 1`] = `
<div
  className="Spell__main"
  onClick={[Function]}
>
  <h3 />
  <p>
    Level: undefined | undefined | undefined
  </p>
  <p>
    undefined | undefined | Components: undefined
  </p>
  <p>
    Description: undefined
  </p>
  <h5>
    At higher levels
  </h5>
  <p>
    Plus 1 damage
  </p>
</div>
`;
