// Jest Snapshot v1, https://goo.gl/fbAQLP

exports[`<SpellLibraryPage /> renders this UI as expected 1`] = `
<section
  className="SpellLibraryPage"
>
  <div
    className="SpellLibraryPage__container"
  >
    <h2>
      View All Spells
    </h2>
    <div
      className="SpellLibraryPage__Spells__container"
    />
  </div>
</section>
`;
