// Jest Snapshot v1, https://goo.gl/fbAQLP

exports[`<SpellBookPage /> renders this UI as expected 1`] = `
<section
  className="SpellBookPage"
>
  <div
    className="SpellBookPage__container"
  >
    <h2 />
    <div>
      <a
        className="SpellBookButtons__Link"
        href="/spellbook/undefined/build"
        onClick={[Function]}
      >
        <button
          className="SpellBookButtons__button"
        >
          Edit Spellbook
        </button>
      </a>
      <a
        className="SpellBookButtons__Link"
        href="/spellbook"
        onClick={[Function]}
      >
        <button
          className="SpellBookButtons__button"
        >
          View All Spellbooks
        </button>
      </a>
    </div>
    <div
      className="SpellBookPage__Spells__container"
    />
  </div>
</section>
`;
