// Jest Snapshot v1, https://goo.gl/fbAQLP

exports[`<CreateSpellPage /> renders this UI as expected 1`] = `
<section
  className="CreateSpellPage__main"
>
  <form
    className="CreateSpellPage__form"
    onSubmit={[Function]}
  >
    <h2>
      Create a New Spell
    </h2>
    <div
      className="form-group"
    >
      <label
        htmlFor="add-spell-name"
      >
        Spell Name 
      </label>
      <input
        className="CreateSpellPage__control"
        id="add-spell-name"
        name="add-spell-name"
        onChange={[Function]}
        required={true}
        type="text"
      />
    </div>
    <div
      className="form-group"
    >
      <label
        htmlFor="add-spell-school"
      >
        Magic School 
      </label>
      <select
        id="add-spell-school"
        name="add-spell-school"
        onChange={[Function]}
        required={true}
      >
        <option
          value=""
        >
          Select Magic School
        </option>
        <option
          defaultValue="selected"
          value="Conjuration"
        >
          Conjuration
        </option>
        <option
          value="Necromancy"
        >
          Necromancy
        </option>
        <option
          value="Evocation"
        >
          Evocation
        </option>
        <option
          value="Abjuration"
        >
          Abjuration
        </option>
        <option
          value="Transmutation"
        >
          Transmutation
        </option>
        <option
          value="Divination"
        >
          Divination
        </option>
        <option
          value="Enchantment"
        >
          Enchantment
        </option>
        <option
          value="Illusion"
        >
          Illusion
        </option>
      </select>
    </div>
    <div
      className="form-group"
    >
      <label
        htmlFor="add-spell-level"
      >
        Level 
      </label>
      <select
        id="add-spell-level"
        name="add-spell-level"
        onChange={[Function]}
        required={true}
      >
        <option
          value=""
        >
          Select spell level
        </option>
        <option
          defaultValue="selected"
          value="0"
        >
          Cantrip
        </option>
        <option
          value="1"
        >
          1
        </option>
        <option
          value="2"
        >
          2
        </option>
        <option
          value="3"
        >
          3
        </option>
        <option
          value="4"
        >
          4
        </option>
        <option
          value="5"
        >
          5
        </option>
        <option
          value="6"
        >
          6
        </option>
        <option
          value="7"
        >
          7
        </option>
        <option
          value="8"
        >
          8
        </option>
        <option
          value="9"
        >
          9
        </option>
      </select>
    </div>
    <div
      className="form-group"
    >
      <label
        htmlFor="add-spell-castingTime"
      >
        Casting Time 
      </label>
      <input
        className="CreateSpellPage__control"
        id="add-spell-castingTime"
        name="add-spell-castingTime"
        onChange={[Function]}
        required={true}
        type="text"
      />
    </div>
    <div
      className="form-group"
    >
      <label
        htmlFor="add-spell-range"
      >
        Range 
      </label>
      <input
        className="CreateSpellPage__control"
        id="add-spell-range"
        name="add-spell-range"
        onChange={[Function]}
        required={true}
        type="text"
      />
    </div>
    <div
      className="form-group"
    >
      <label
        htmlFor="add-spell-components"
      >
        Components 
      </label>
      <input
        className="CreateSpellPage__control"
        id="add-spell-components"
        name="add-spell-components"
        onChange={[Function]}
        required={true}
        type="text"
      />
    </div>
    <div
      className="form-group"
    >
      <label
        htmlFor="add-spell-duration"
      >
        Duration 
      </label>
      <input
        className="CreateSpellPage__control"
        id="add-spell-duration"
        name="add-spell-duration"
        onChange={[Function]}
        required={true}
        type="text"
      />
    </div>
    <div
      className="form-group"
    >
      <label
        htmlFor="add-spell-description"
      >
        Description 
      </label>
      <textarea
        className="CreateSpellPage__control"
        cols="35"
        id="add-spell-description"
        maxLength={2500}
        name="add-spell-description"
        onChange={[Function]}
        required={true}
        rows="5"
      />
    </div>
    <div
      className="CreateSpellPage__button__group"
    >
      <button
        className="CreateSpellPage__button"
        type="reset"
      >
        Cancel
      </button>
      <button
        className="CreateSpellPage__button"
        disabled="Please select a spell level"
        type="submit"
      >
        Create Spell
      </button>
    </div>
  </form>
</section>
`;
