// Jest Snapshot v1, https://goo.gl/fbAQLP

exports[`<SpellBookButtons /> renders this UI as expected 1`] = `
<div
  className="SpellBookButtons__container"
>
  <a
    className="SpellBookButtons__Link"
    href="/spellbook/undefined/build"
    onClick={[Function]}
  >
    <button
      className="SpellBookButtons__button"
    >
      Edit Spellbook
    </button>
  </a>
  <a
    className="SpellBookButtons__Link"
    href="/spellbook"
    onClick={[Function]}
  >
    <button
      className="SpellBookButtons__button"
    >
      View All Spellbooks
    </button>
  </a>
</div>
`;
