// Jest Snapshot v1, https://goo.gl/fbAQLP

exports[`<BuildSpellBookPage /> renders this UI as expected 1`] = `
<section
  className="BuildSpellBookPage"
>
  <div
    className="BuildSpellBookPage__contaner"
  >
    <div>
      <button
        className="BuildSpellBookButtons__button"
        onClick={[Function]}
        type="submit"
      >
        Save Spellbook
      </button>
      <a
        className="BuildSpellBookButtons__Link"
        href="/spellbook"
        onClick={[Function]}
      >
        <button
          className="BuildSpellBookButtons__button"
        >
          View All Spellbooks
        </button>
      </a>
    </div>
    <h2>
      Add or Remove Spells From Your Spellbook
    </h2>
    <div
      className="BuildSpellBookPage__Spells__container"
    />
  </div>
</section>
`;
